../Core/Inc/dance_library.h:33:6:stop	8	static
../Core/Inc/dance_library.h:47:6:straight_forward	24	static
../Core/Inc/dance_library.h:64:6:straight_backward	16	static
../Core/Inc/dance_library.h:81:6:spin_cw	16	static
../Core/Inc/dance_library.h:98:6:spin_ccw	16	static
../Core/Inc/dance_library.h:115:6:turn_left	8	static
../Core/Inc/dance_library.h:132:6:turn_right	8	static
../Core/Inc/dance_library.h:151:6:discrete_spin_cw	24	static
../Core/Inc/dance_library.h:166:6:discrete_spin_ccw	24	static
../Core/Inc/dance_library.h:175:6:groovy_dance	8	static
../Core/Inc/genre_table.h:17:6:create_table	184	static
../Core/Inc/genre_table.h:37:6:start_dance	32	static
../Core/Src/main.c:74:6:HAL_UART_RxCpltCallback	16	static
../Core/Src/main.c:93:5:main	8	static
../Core/Src/main.c:150:6:SystemClock_Config	88	static
../Core/Src/main.c:197:13:MX_TIM3_Init	64	static
../Core/Src/main.c:256:13:MX_TIM4_Init	64	static
../Core/Src/main.c:315:13:MX_USART1_UART_Init	8	static
../Core/Src/main.c:348:13:MX_GPIO_Init	48	static
../Core/Src/main.c:396:6:Error_Handler	4	static,ignoring_inline_asm
