../Core/Inc/dance_library.h:31:6:stop	4	static
../Core/Inc/dance_library.h:42:6:straight_forward	16	static
../Core/Inc/dance_library.h:56:6:straight_backward	16	static
../Core/Inc/dance_library.h:70:6:spin_cw	16	static
../Core/Inc/dance_library.h:84:6:spin_ccw	16	static
../Core/Inc/dance_library.h:98:6:turn_left	16	static
../Core/Inc/dance_library.h:112:6:turn_right	16	static
../Core/Inc/dance_library.h:128:6:discrete_spin_cw	24	static
../Core/Inc/dance_library.h:143:6:discrete_spin_ccw	24	static
../Core/Inc/genre_table.h:17:6:create_table	184	static
../Core/Inc/genre_table.h:37:6:start_dance	32	static
../Core/Src/main.c:82:5:main	64	dynamic
../Core/Src/main.c:148:6:SystemClock_Config	88	static
../Core/Src/main.c:195:13:MX_TIM3_Init	64	static
../Core/Src/main.c:254:13:MX_TIM4_Init	64	static
../Core/Src/main.c:313:13:MX_USART1_UART_Init	8	static
../Core/Src/main.c:346:13:MX_GPIO_Init	48	static
../Core/Src/main.c:394:6:Error_Handler	4	static,ignoring_inline_asm
